current directory: /Users/xingyaolei/Desktop/trae-solo-generated-projects/question-044/museum_edu_platform/gems/bootsnap-1.24.6/ext/bootsnap
/Users/xingyaolei/.rbenv/versions/3.2.11/bin/ruby extconf.rb
checking for fdatasync() in unistd.h... yes
checking for fstatat() in sys/stat.h... yes
checking for whether -D_GNU_SOURCE is accepted as CPPFLAGS... yes
checking for whether -O3 is accepted as CFLAGS... yes
checking for whether -std=c99 is accepted as CFLAGS... yes
creating Makefile

current directory: /Users/xingyaolei/Desktop/trae-solo-generated-projects/question-044/museum_edu_platform/gems/bootsnap-1.24.6/ext/bootsnap
make DESTDIR\= sitearchdir\=./.gem.20260606-33198-p6lot6 sitelibdir\=./.gem.20260606-33198-p6lot6 clean

current directory: /Users/xingyaolei/Desktop/trae-solo-generated-projects/question-044/museum_edu_platform/gems/bootsnap-1.24.6/ext/bootsnap
make DESTDIR\= sitearchdir\=./.gem.20260606-33198-p6lot6 sitelibdir\=./.gem.20260606-33198-p6lot6
compiling bootsnap.c
linking shared-object bootsnap/bootsnap.bundle
ld: warning: ignoring duplicate libraries: '-lruby.3.2'

current directory: /Users/xingyaolei/Desktop/trae-solo-generated-projects/question-044/museum_edu_platform/gems/bootsnap-1.24.6/ext/bootsnap
make DESTDIR\= sitearchdir\=./.gem.20260606-33198-p6lot6 sitelibdir\=./.gem.20260606-33198-p6lot6 install
/usr/local/bin/ginstall -c -m 0755 bootsnap.bundle ./.gem.20260606-33198-p6lot6/bootsnap

current directory: /Users/xingyaolei/Desktop/trae-solo-generated-projects/question-044/museum_edu_platform/gems/bootsnap-1.24.6/ext/bootsnap
make DESTDIR\= sitearchdir\=./.gem.20260606-33198-p6lot6 sitelibdir\=./.gem.20260606-33198-p6lot6 clean
