current directory: /Users/xingyaolei/Desktop/trae-solo-generated-projects/question-044/museum_edu_platform/gems/date-3.5.1/ext/date
/Users/xingyaolei/.rbenv/versions/3.2.11/bin/ruby extconf.rb
checking for rb_category_warn()... yes
checking for timezone in time.h with  -Werror... yes
checking for altzone in time.h with  -Werror... no
creating Makefile

current directory: /Users/xingyaolei/Desktop/trae-solo-generated-projects/question-044/museum_edu_platform/gems/date-3.5.1/ext/date
make DESTDIR\= sitearchdir\=./.gem.20260606-33198-36w7lf sitelibdir\=./.gem.20260606-33198-36w7lf clean

current directory: /Users/xingyaolei/Desktop/trae-solo-generated-projects/question-044/museum_edu_platform/gems/date-3.5.1/ext/date
make DESTDIR\= sitearchdir\=./.gem.20260606-33198-36w7lf sitelibdir\=./.gem.20260606-33198-36w7lf
compiling date_core.c
compiling date_parse.c
compiling date_strftime.c
compiling date_strptime.c
linking shared-object date_core.bundle
ld: warning: ignoring duplicate libraries: '-lruby.3.2'

current directory: /Users/xingyaolei/Desktop/trae-solo-generated-projects/question-044/museum_edu_platform/gems/date-3.5.1/ext/date
make DESTDIR\= sitearchdir\=./.gem.20260606-33198-36w7lf sitelibdir\=./.gem.20260606-33198-36w7lf install
/usr/local/bin/ginstall -c -m 0755 date_core.bundle ./.gem.20260606-33198-36w7lf

current directory: /Users/xingyaolei/Desktop/trae-solo-generated-projects/question-044/museum_edu_platform/gems/date-3.5.1/ext/date
make DESTDIR\= sitearchdir\=./.gem.20260606-33198-36w7lf sitelibdir\=./.gem.20260606-33198-36w7lf clean
