current directory: /Users/xingyaolei/Desktop/trae-solo-generated-projects/question-032/volunteer_scheduling/gems/json-2.19.8/ext/json/ext/parser
/Users/xingyaolei/.rbenv/versions/3.2.11/bin/ruby extconf.rb
checking for rb_enc_interned_str() in ruby/encoding.h... yes
checking for rb_str_to_interned_str() in ruby.h... yes
checking for rb_hash_new_capa() in ruby.h... yes
checking for rb_hash_bulk_insert() in ruby.h... yes
checking for RUBY_TYPED_EMBEDDABLE in ruby.h... no
checking for whether -std=c99 is accepted as CFLAGS... yes
checking for x86intrin.h... yes
checking for cpuid.h... yes
creating Makefile

current directory: /Users/xingyaolei/Desktop/trae-solo-generated-projects/question-032/volunteer_scheduling/gems/json-2.19.8/ext/json/ext/parser
make DESTDIR\= sitearchdir\=./.gem.20260606-34431-m3oyqx sitelibdir\=./.gem.20260606-34431-m3oyqx clean

current directory: /Users/xingyaolei/Desktop/trae-solo-generated-projects/question-032/volunteer_scheduling/gems/json-2.19.8/ext/json/ext/parser
make DESTDIR\= sitearchdir\=./.gem.20260606-34431-m3oyqx sitelibdir\=./.gem.20260606-34431-m3oyqx
compiling parser.c
linking shared-object json/ext/parser.bundle
ld: warning: ignoring duplicate libraries: '-lruby.3.2'

current directory: /Users/xingyaolei/Desktop/trae-solo-generated-projects/question-032/volunteer_scheduling/gems/json-2.19.8/ext/json/ext/parser
make DESTDIR\= sitearchdir\=./.gem.20260606-34431-m3oyqx sitelibdir\=./.gem.20260606-34431-m3oyqx install
/usr/local/bin/ginstall -c -m 0755 parser.bundle ./.gem.20260606-34431-m3oyqx/json/ext

current directory: /Users/xingyaolei/Desktop/trae-solo-generated-projects/question-032/volunteer_scheduling/gems/json-2.19.8/ext/json/ext/parser
make DESTDIR\= sitearchdir\=./.gem.20260606-34431-m3oyqx sitelibdir\=./.gem.20260606-34431-m3oyqx clean
