current directory: /Users/xingyaolei/Desktop/trae-solo-generated-projects/question-044/museum_edu_platform/gems/bigdecimal-4.1.2/ext/bigdecimal
/Users/xingyaolei/.rbenv/versions/3.2.11/bin/ruby extconf.rb
checking for __builtin_clz()... yes
checking for __builtin_clzl()... yes
checking for __builtin_clzll()... yes
checking for float.h... yes
checking for math.h... yes
checking for stdbool.h... yes
checking for stdlib.h... yes
checking for x86intrin.h... yes
checking for _lzcnt_u32() in x86intrin.h... yes
checking for _lzcnt_u64() in x86intrin.h... yes
checking for intrin.h... no
checking for ruby/atomic.h... yes
checking for ruby/internal/has/builtin.h... yes
checking for ruby/internal/static_assert.h... yes
checking for rb_complex_real() in ruby.h... yes
checking for rb_complex_imag() in ruby.h... yes
checking for rb_opts_exception_p() in ruby.h... yes
checking for rb_category_warn() in ruby.h... yes
checking for RB_WARN_CATEGORY_DEPRECATED in ruby.h... yes
checking for RUBY_TYPED_EMBEDDABLE in ruby.h... no
creating Makefile

current directory: /Users/xingyaolei/Desktop/trae-solo-generated-projects/question-044/museum_edu_platform/gems/bigdecimal-4.1.2/ext/bigdecimal
make DESTDIR\= sitearchdir\=./.gem.20260606-33198-8c69ys sitelibdir\=./.gem.20260606-33198-8c69ys clean

current directory: /Users/xingyaolei/Desktop/trae-solo-generated-projects/question-044/museum_edu_platform/gems/bigdecimal-4.1.2/ext/bigdecimal
make DESTDIR\= sitearchdir\=./.gem.20260606-33198-8c69ys sitelibdir\=./.gem.20260606-33198-8c69ys
compiling bigdecimal.c
compiling missing.c
linking shared-object bigdecimal.bundle
ld: warning: ignoring duplicate libraries: '-lruby.3.2'

current directory: /Users/xingyaolei/Desktop/trae-solo-generated-projects/question-044/museum_edu_platform/gems/bigdecimal-4.1.2/ext/bigdecimal
make DESTDIR\= sitearchdir\=./.gem.20260606-33198-8c69ys sitelibdir\=./.gem.20260606-33198-8c69ys install
/usr/local/bin/ginstall -c -m 0755 bigdecimal.bundle ./.gem.20260606-33198-8c69ys

current directory: /Users/xingyaolei/Desktop/trae-solo-generated-projects/question-044/museum_edu_platform/gems/bigdecimal-4.1.2/ext/bigdecimal
make DESTDIR\= sitearchdir\=./.gem.20260606-33198-8c69ys sitelibdir\=./.gem.20260606-33198-8c69ys clean
